
   PASS  Tests\Unit\AccountingServiceFixTest
  ✓ debit account balance increases with debit and decreases with credi… 0.89s  
  ✓ credit account balance decreases with debit and increases with cred… 0.07s  
  ✓ expense account balance increases with debit                         0.07s  
  ✓ revenue account balance increases with credit                        0.07s  
  ✓ get account balance uses created at for same date entries            0.07s  
  ✓ ledger entries ordered by date then created at                       0.08s  
  ✓ comprehensive balance calculation                                    0.08s  
  ✓ balance calculation with zero amounts                                0.07s  

   PASS  Tests\Unit\AccountingServiceTest
  ✓ can create journal entry                                             0.07s  
  ✓ journal entry must be balanced                                       0.08s  
  ✓ can reverse journal entry                                            0.11s  
  ✓ validate balanced returns true for balanced entry                    0.08s  
  ✓ validate balanced returns false for unbalanced entry                 0.08s  
  ✓ get account balance returns correct balance                          0.08s  
  ✓ get account balance returns zero for no entries                      0.07s  

   PASS  Tests\Unit\BudgetAndReversalFixTest
  ✓ budget actuals respect period date range                             0.08s  
  ✓ revaluation service validates account codes exist                    0.07s  
  ✓ period close service validates account codes exist                   0.08s  
  ✓ cannot reverse already reversed entry                                0.08s  
  ✓ cannot reverse non posted entry                                      0.07s  
  ✓ reversal creates explicit link to original                           0.07s  
  ✓ reversed entry status is updated                                     0.07s  
  ✓ budget service uses period date range                                0.07s  

   PASS  Tests\Unit\ComplianceServiceTest
  ✓ simplified cdd for small amounts                                     0.02s  
  ✓ standard cdd for medium amounts
  ✓ enhanced cdd for large amounts
  ✓ enhanced cdd for pep                                                 0.01s  
  ✓ requires hold for large amounts                                      0.01s  
  ✓ enhanced cdd for high risk customer                                  0.01s  
  ✓ requires hold for pep status
  ✓ requires hold for high risk customer
  ✓ requires hold for sanction match
  ✓ check sanction match finds match
  ✓ check sanction match no match

   PASS  Tests\Unit\CounterServiceTest
  ✓ can open counter session                                             0.08s  
  ✓ cannot open if already open                                          0.06s  
  ✓ cannot open if user at another counter                               0.07s  
  ✓ can close counter session                                            0.06s  
  ✓ calculates variance correctly                                        0.06s  
  ✓ requires supervisor for large variance                               0.06s  
  ✓ get available counters                                               0.06s  
  ✓ close session query only returns expected currencies                 0.07s  

   PASS  Tests\Unit\CurrencyPositionServiceTest
  ✓ creates position on first buy                                        0.07s  
  ✓ updates position on additional buy                                   0.07s  
  ✓ decreases position on sell                                           0.08s  
  ✓ gets position by currency                                            0.07s  
  ✓ throws exception when selling more than balance                      0.07s  
  ✓ throws exception when selling with zero balance                      0.09s  
  ✓ throws exception when selling exact balance                          0.07s  
  ✓ position balance never negative                                      0.07s  
  ✓ balance prevention error message includes available amount           0.08s  
  ✓ allows partial sell within balance                                   0.08s  
  ✓ multiple sells cannot exceed total balance                           0.07s  

   PASS  Tests\Unit\EncryptionServiceTest
  ✓ can encrypt and decrypt data                                         0.01s  
  ✓ encrypts to different values
  ✓ hashing is deterministic

   PASS  Tests\Unit\ExampleTest
  ✓ that true is true

   PASS  Tests\Unit\ExchangeRateHistoryTest
  ✓ can create exchange rate history                                     0.08s  
  ✓ scope for currency filters by currency                               0.09s  
  ✓ scope for date range filters by date                                 0.07s  
  ✓ get latest rate returns most recent rate                             0.07s  
  ✓ get latest rate returns null when no history                         0.07s  
  ✓ belongs to currency relationship                                     0.07s  
  ✓ belongs to creator relationship                                      0.08s  

   WARN  Tests\Unit\ExportServiceTest
  ✓ can export to csv                                                    0.04s  
  ✓ csv export handles empty data
  - can export to excel → Maatwebsite Excel package not installed        0.04s  
  ✓ cleanup old reports deletes files older than days                    0.01s  
  ✓ cleanup old reports keeps recent files                               0.01s  

Journal entry created: 1

Ledger entries for account 2000:
  Entry Date: 2026-04-05 00:00:00, Debit: 0.0000, Credit: 500.0000, Balance: 500.0000

Balance via accounting service: 500.0000
Balance as of today: 500.0000
Today date string: 2026-04-05

Trial Balance Accounts:
Account 1000 (Asset): debit=500.0000, credit=0, balance=500.0000
Account 2000 (Liability): debit=0, credit=500.0000, balance=500.0000
Account 3000 (Equity): debit=0, credit=0, balance=0
Account 4000 (Revenue): debit=0, credit=0, balance=0
Account 5000 (Expense): debit=0, credit=0, balance=0

   PASS  Tests\Unit\LedgerServiceFixTest
  ✓ trial balance credit normal accounts with positive balance go to cr… 0.11s  
  ✓ trial balance credit normal accounts with negative balance go to de… 0.08s  
  ✓ trial balance debit normal accounts with positive balance go to deb… 0.08s  
  ✓ profit and loss revenue activity calculated as credits minus debits  0.10s  
  ✓ profit and loss expense activity calculated as debits minus credits  0.10s  
  ✓ profit and loss calculates net profit correctly                      0.09s  
  ✓ trial balance equity accounts handled as credit normal               0.09s  

   PASS  Tests\Unit\LedgerServiceTest
  ✓ get trial balance returns all accounts                               0.07s  
  ✓ get trial balance is balanced after entries                          0.07s  
  ✓ get account ledger returns entries                                   0.09s  
  ✓ get profit and loss returns revenue and expenses                     0.09s  
  ✓ get balance sheet returns assets liabilities equity                  0.08s  

   PASS  Tests\Unit\MathServiceTest
  ✓ basic arithmetic operations                                          0.01s  
  ✓ calculate average cost
  ✓ calculate revaluation pnl
  ✓ calculate transaction amount
  ✓ compare values
  ✓ division by zero throws exception

   PASS  Tests\Unit\ModelPrecisionFixTest
  ✓ journal line is debit uses string comparison                         0.01s  
  ✓ journal line is credit uses string comparison
  ✓ journal line get amount returns string                               0.01s  
  ✓ journal line get amount returns credit when no debit                 0.01s  
  ✓ journal line handles high precision amounts                          0.01s  
  ✓ journal line uses bc math not float comparison
  ✓ account ledger get net amount returns string
  ✓ account ledger handles precision in net amount                       0.01s  
  ✓ account ledger net amount handles negative result                    0.01s  
  ✓ account ledger avoids floating point errors
  ✓ journal entry get total debits returns string
  ✓ journal entry get total credits returns string
  ✓ journal entry is balanced exists                                     0.01s  
  ✓ journal entry precision no floating point errors
  ✓ is balanced uses exact comparison not epsilon
  ✓ journal line uses math service                                       0.01s  
  ✓ account ledger uses math service
  ✓ math service compare detects equality
  ✓ no float casts in journal line                                       0.01s  
  ✓ no float arithmetic in journal entry is balanced

   PASS  Tests\Unit\PeriodCloseServiceTest
  ✓ can close open period                                                0.09s  
  ✓ cannot close already closed period                                   0.07s  

   PASS  Tests\Unit\RateApiServiceTest
  ✓ fetches and caches rates                                             0.21s  
  ✓ gets rate for specific currency                                      0.12s  
  ✓ returns null for unknown currency                                    0.09s  
  ✓ throws exception on api failure                                      0.06s  

   PASS  Tests\Unit\RevaluationServiceFixTest
  ✓ revaluation with journal validates period is open                    0.68s  
  ✓ revaluation with journal throws exception for closed period          0.07s  
  ✓ revaluation with journal validates date falls in period              0.06s  
  ✓ revaluation processes each currency independently                    0.65s  
  ✓ currency failure does not affect other currencies                    0.66s  
  ✓ journal entries have period id assigned                              0.64s  

   PASS  Tests\Unit\RevaluationServiceTest
  ✓ run revaluation processes all positions                              0.64s  
  ✓ run revaluation returns correct structure                            0.66s  
  ✓ run revaluation with specific till                                   0.76s  

   PASS  Tests\Unit\RiskRatingServiceTest
  ✓ calculate score for low risk customer                                0.01s  
  ✓ calculate score for pep customer
  ✓ calculate score with high risk country
  ✓ calculate score with cash intensive pattern
  ✓ calculate score combined risk factors                                0.01s  
  ✓ score capped at 100                                                  0.02s  
  ✓ get low rating for low score
  ✓ get medium rating for medium score
  ✓ get high rating for high score
  ✓ get refresh frequency by rating                                      0.01s  
  ✓ get low rating for minimum score                                     0.01s  
  ✓ get low rating for boundary score
  ✓ get medium rating for lower boundary                                 0.01s  
  ✓ get medium rating for upper boundary
  ✓ get high rating for minimum high score
  ✓ get high rating for maximum score                                    0.01s  

   PASS  Tests\Unit\UserModelTest
  ✓ user can be created                                                  0.09s  
  ✓ user has correct fillable attributes                                 0.11s  
  ✓ user has correct hidden attributes                                   0.09s  
  ✓ user has correct casts                                               0.11s  
  ✓ is admin method                                                      0.10s  
  ✓ is manager method                                                    0.10s  
  ✓ is compliance officer method                                         0.07s  
  ✓ get auth password method                                             0.07s  
  ✓ transactions relationship exists                                     0.06s  
  ✓ valid roles                                                          0.06s  
  ✓ email must be unique                                                 0.07s  
  ✓ username must be unique                                              0.07s  
  ✓ user can update last login                                           0.07s  
  ✓ inactive user status                                                 0.07s  
  ✓ mfa enabled status                                                   0.09s  

   PASS  Tests\Feature\AuditLogTest
  ✓ audit log index is accessible by manager                             0.22s  
  ✓ audit log index is not accessible by regular user                    0.08s  
  ✓ log with severity creates entry with correct severity                0.07s  
  ✓ get audit trail returns filtered results by date                     0.06s  
  ✓ get audit trail returns filtered results by severity                 0.06s  
  ✓ get audit trail returns filtered results by user                     0.06s  
  ✓ get audit trail returns filtered results by action                   0.06s  
  ✓ audit log severity scope works correctly                             0.07s  
  ✓ system log scope between dates works                                 0.07s  
  ✓ system log scope action works                                        0.06s  
  ✓ system log get severity color returns correct color                  0.07s  
  ✓ export audit log returns csv data                                    0.06s  
  ✓ log with severity includes session id                                0.07s  
  ✓ audit log filters can be combined                                    0.08s  

   PASS  Tests\Feature\AuthenticationTest
  ✓ login page is accessible                                             0.13s  
  ✓ admin can login with valid credentials                               0.15s  
  ✓ teller can login with valid credentials                              0.11s  
  ✓ login fails with invalid password                                    0.10s  
  ✓ login fails with nonexistent email                                   0.08s  
  ✓ inactive user cannot login                                           0.08s  
  ✓ authenticated user can logout                                        0.07s  
  ✓ unauthenticated user is redirected to login                          0.07s  
  ✓ admin has correct role permissions                                   0.07s  
  ✓ manager has correct role permissions                                 0.07s  
  ✓ teller has correct role permissions                                  0.08s  
  ✓ compliance officer has correct role permissions                      0.07s  
  ✓ dashboard is accessible to authenticated users                       0.07s  
  ✓ compliance page is accessible to compliance                          0.07s  
  ✓ teller can access dashboard                                          0.07s  
  ✓ password is hashed in database                                       0.06s  
  ✓ teller cannot access user management                                 0.07s  
  ✓ manager cannot access user management                                0.07s  
  ✓ compliance officer cannot access user management                     0.07s  
  ✓ admin can access user management                                     0.07s  
  ✓ teller cannot access compliance portal                               0.07s  
  ✓ manager cannot access compliance portal                              0.07s  
  ✓ compliance officer can access compliance portal                      0.07s  
  ✓ admin can access compliance portal                                   0.07s  
  ✓ teller cannot access accounting                                      0.06s  
  ✓ compliance officer cannot access accounting                          0.06s  
  ✓ manager can access accounting                                        0.07s  
  ✓ teller cannot access stock cash                                      0.07s  
  ✓ manager can access stock cash                                        0.07s  
  ✓ admin can access stock cash                                          0.06s  
  ✓ login creates audit log                                              0.07s  
  ✓ failed login creates audit log                                       0.07s  
  ✓ failed login log does not reveal user status                         0.07s  

   PASS  Tests\Feature\ComplianceViewTest
  ✓ compliance officer can access compliance portal                      0.08s  
  ✓ admin can access compliance portal                                   0.07s  
  ✓ teller cannot access compliance portal                               0.09s  
  ✓ compliance page displays flagged transactions                        0.11s  
  ✓ compliance filters work                                              0.10s  
  ✓ assign flag action                                                   0.11s  
  ✓ resolve flag action                                                  0.08s  

   PASS  Tests\Feature\ComprehensiveViewsTest
  ✓ compliance portal requires proper authorization                      0.08s  
  ✓ compliance stats calculate correctly                                 0.10s  
  ✓ compliance filters work correctly                                    0.08s  
  ✓ reports dashboard requires manager or admin                          0.08s  
  ✓ reports dashboard shows all eight report cards                       0.07s  
  ✓ recent reports shows correct data                                    0.07s  
  ✓ lctr only includes qualifying completed transactions                 0.08s  
  ✓ lctr stats calculate correctly                                       0.07s  
  ✓ lctr shows warning for pending qualifying transactions               0.07s  
  ✓ msb2 aggregates currency data correctly                              0.07s  
  ✓ msb2 stats calculate correctly                                       0.07s  
  ✓ msb2 shows warning for negative net position                         0.07s  
  ✓ flag assign requires compliance officer                              0.07s  
  ✓ flag resolve updates correctly                                       0.07s  
  ✓ views handle empty data gracefully                                   0.07s  
  ✓ views handle invalid parameters                                      0.08s  
  ✓ lctr masks customer names                                            0.07s  
  ✓ compliance pagination preserves filters                              0.11s  

   PASS  Tests\Feature\CounterControllerTest
  ✓ user can view counters list                                          0.08s  
  ✓ user can open counter form                                           0.07s  
  ✓ user can open counter                                                0.07s  
  ✓ user can view counter history                                        0.06s  
  ✓ counter api returns status                                           0.07s  
  ✓ teller cannot close counter                                          0.06s  
  ✓ teller cannot initiate handover                                      0.06s  
  ✓ manager can close counter                                            0.06s  

   PASS  Tests\Feature\CustomerHistoryTest
  ✓ customer history displays correct statistics                         0.09s  
  ✓ customer history shows paginated transactions                        0.08s  
  ✓ customer history calculates first and last transaction dates         0.07s  
  ✓ customer history export returns csv                                  0.07s  
  ✓ customer history with no transactions shows zero stats               0.07s  
  ✓ customer history returns monthly chart data                          0.07s  

   PASS  Tests\Feature\ExampleTest
  ✓ the application returns a successful response                        0.01s  

   PASS  Tests\Feature\NavigationTest
  ✓ admin sees complete navigation                                       0.07s  
  ✓ manager sees navigation                                              0.07s  
  ✓ compliance sees navigation                                           0.07s  
  ✓ teller sees navigation                                               0.07s  
  ✓ navigation links are clickable                                       0.07s  
  ✓ logout link has csrf form                                            0.07s  
  ✓ navigation consistent across pages                                   0.08s  
  ✓ stock cash menu item exists                                          0.07s  
  ✓ navigation has styling                                               0.07s  
  ✓ unauthenticated user redirected to login                             0.07s  
  ✓ navigation items in correct order                                    0.07s  

   PASS  Tests\Feature\RateHistoryLoggingTest
  ✓ rate fetch logs to history table                                     0.08s  
  ✓ rate fetch only logs once per day                                    0.06s  
  ✓ get rate trend returns correct data                                  0.06s  
  ✓ get rate trend returns empty data for no history                     0.06s  

   PASS  Tests\Feature\RealWorldTransactionWorkflowTest
  ✓ complete daily workflow                                              0.11s  
  ✓ edge cases                                                           0.07s  
  ✓ receipt generation workflow                                          0.26s  
  ✓ transaction search and filtering                                     0.08s  
  ✓ daily transaction summary                                            0.08s  

   PASS  Tests\Feature\ReportsViewTest
  ✓ manager can access reports dashboard                                 0.06s  
  ✓ compliance officer cannot access reports dashboard                   0.06s  
  ✓ admin can access reports dashboard                                   0.07s  
  ✓ teller cannot access reports dashboard                               0.06s  
  ✓ reports page displays recent reports                                 0.07s  
  ✓ reports page displays all report cards                               0.06s  
  ✓ lctr report page loads                                               0.07s  
  ✓ msb2 report page loads                                               0.06s  
  ✓ lctr requires manager or admin                                       0.06s  
  ✓ msb2 requires manager or admin                                       0.06s  

   PASS  Tests\Feature\TillReconciliationTest
  ✓ reconciliation calculates expected closing correctly                 0.07s  
  ✓ reconciliation calculates variance correctly                         0.07s  
  ✓ reconciliation shows null variance for open till                     0.07s  
  ✓ reconciliation shows transaction details                             0.08s  
  ✓ reconciliation calculates buy and sell counts                        0.08s  
  ✓ reconciliation returns error for nonexistent till                    0.06s  
  ✓ non manager cannot access reconciliation                             0.06s  

   PASS  Tests\Feature\TransactionBatchUploadTest
  ✓ manager can access batch upload form                                 0.07s  
  ✓ teller cannot access batch upload                                    0.06s  
  ✓ manager can upload csv                                               0.10s  
  ✓ csv with errors shows error report                                   0.07s  
  ✓ manager can view import results                                      0.07s  
  ✓ user can only view own import results                                0.07s  
  ✓ template download works                                              0.06s  
  ✓ empty csv shows error                                                0.07s  
  ✓ only managers can upload                                             0.07s  
  ✓ sell fails with insufficient stock                                   0.07s  
  ✓ fails with closed till                                               0.07s  
  ✓ fails with invalid transaction type                                  0.07s  
  ✓ mixed success and failure                                            0.08s  
  ✓ file size validation                                                 0.06s  
  ✓ admin can access batch upload                                        0.07s  

   PASS  Tests\Feature\TransactionCancellationFlowTest
  ✓ transaction can be cancelled within 24 hours by manager              0.08s  
  ✓ transaction can be cancelled by admin                                0.07s  
  ✓ original teller can cancel own transaction                           0.07s  
  ✓ other teller cannot cancel transaction                               0.07s  
  ✓ transaction cannot be cancelled after 24 hours                       0.07s  
  ✓ only completed transactions can be cancelled                         0.07s  
  ✓ refund transactions cannot be cancelled                              0.07s  
  ✓ already cancelled transactions cannot be cancelled again             0.07s  
  ✓ cancellation reason is required and min length                       0.07s  
  ✓ confirmation checkbox is required                                    0.07s  
  ✓ cancel button appears for refundable transactions                    0.07s  
  ✓ cancel button does not appear for old transactions                   0.07s  
  ✓ stock position is reversed after cancellation                        0.08s  
  ✓ refund transaction has reversed type                                 0.08s  
  ✓ guest users cannot access cancellation                               0.07s  

   PASS  Tests\Feature\TransactionReceiptTest
  ✓ completed transaction can generate receipt                           0.11s  
  ✓ pending transaction cannot generate receipt                          0.07s  
  ✓ onhold transaction cannot generate receipt                           0.06s  
  ✓ pdf receipt contains transaction details                             0.10s  
  ✓ pdf receipt contains bnm compliance fields                           0.11s  
  ✓ receipt requires authentication                                      0.06s  
  ✓ completed sell transaction can generate receipt                      0.11s  
  ✓ approved transaction can generate receipt                            0.12s  

   PASS  Tests\Feature\TransactionTest
  ✓ teller can access transaction create                                 0.08s  
  ✓ teller can create buy transaction                                    0.07s  
  ✓ teller can create sell transaction                                   0.08s  
  ✓ sell fails with insufficient stock                                   0.09s  
  ✓ transaction fails if till not open                                   0.08s  
  ✓ large transaction requires approval                                  0.08s  
  ✓ manager can approve transaction                                      0.08s  
  ✓ teller cannot approve transaction                                    0.07s  
  ✓ transaction creates audit log                                        0.07s  
  ✓ buy updates currency position                                        0.07s  
  ✓ sell updates currency position                                       0.07s  
  ✓ can view transaction details                                         0.07s  
  ✓ can view transaction list                                            0.07s  
  ✓ transaction requires valid customer                                  0.07s  
  ✓ transaction requires valid currency                                  0.07s  
  ✓ transaction requires positive amount                                 0.07s  
  ✓ approval creates journal entries                                     0.07s  

   PASS  Tests\Feature\UserManagementTest
  ✓ admin can view user list                                             0.07s  
  ✓ non admin cannot access user management                              0.06s  
  ✓ admin can create new user                                            0.07s  
  ✓ cannot create user with duplicate email                              0.07s  
  ✓ cannot create user with weak password                                0.06s  
  ✓ admin can update user role                                           0.07s  
  ✓ admin can deactivate user                                            0.06s  
  ✓ admin can activate user                                              0.07s  
  ✓ admin cannot delete themselves                                       0.06s  
  ✓ admin can delete other users                                         0.06s  
  ✓ cannot delete last admin                                             0.06s  
  ✓ create user page is accessible                                       0.06s  
  ✓ edit user page is accessible                                         0.08s  
  ✓ user list paginates                                                  0.09s  
  ✓ user creation validates required fields                              0.06s  
  ✓ user creation validates email format                                 0.07s  
  ✓ user creation validates password confirmation                        0.08s  
  ✓ user creation validates role options                                 0.07s  
  ✓ user creation creates audit log                                      0.07s  
  ✓ user update creates audit log                                        0.07s  
  ✓ user deletion creates audit log                                      0.06s  
  ✓ user status toggle creates audit log                                 0.07s  
  ✓ user update logs role changes                                        0.07s  

  Tests:    1 skipped, 354 passed (1005 assertions)
  Duration: 27.94s

